[2024-01-01T14:04:33.249+0300][info][gc] Using Parallel
[2024-01-01T14:04:34.459+0300][info][gc] GC(0) Pause Young (Allocation Failure) 3M->2M(11M) 3,625ms
[2024-01-01T14:04:37.284+0300][info][gc] GC(1) Pause Young (Allocation Failure) 5M->3M(11M) 1,564ms
[2024-01-01T14:04:37.344+0300][info][gc] GC(2) Pause Young (Allocation Failure) 6M->4M(11M) 1,641ms
[2024-01-01T14:04:37.434+0300][info][gc] GC(3) Pause Young (Allocation Failure) 7M->4M(11M) 1,879ms
[2024-01-01T14:04:54.020+0300][info][gc] GC(4) Pause Young (Allocation Failure) 7M->4M(11M) 2,578ms
[2024-01-01T14:05:11.411+0300][info][gc] GC(5) Pause Young (Allocation Failure) 7M->5M(10M) 6,407ms
[2024-01-01T14:05:21.456+0300][info][gc] GC(6) Pause Young (Allocation Failure) 7M->5M(11M) 3,131ms
[2024-01-01T14:05:42.506+0300][info][gc] GC(7) Pause Young (Allocation Failure) 7M->5M(11M) 0,617ms
[2024-01-01T14:05:58.458+0300][info][gc] GC(8) Pause Young (Allocation Failure) 7M->5M(11M) 0,367ms
[2024-01-01T14:06:21.457+0300][info][gc] GC(9) Pause Young (Allocation Failure) 7M->5M(11M) 1,613ms