[2024-01-01T14:15:35.557+0300][info][gc] Using G1
[2024-01-01T14:15:44.445+0300][info][gc] GC(0) Pause Young (Normal) (G1 Evacuation Pause) 5M->3M(12M) 3,194ms
[2024-01-01T14:15:44.472+0300][info][gc] GC(1) Pause Young (Normal) (G1 Evacuation Pause) 4M->3M(12M) 1,885ms
[2024-01-01T14:15:44.489+0300][info][gc] GC(2) Pause Young (Normal) (G1 Evacuation Pause) 4M->3M(12M) 1,344ms
[2024-01-01T14:15:44.532+0300][info][gc] GC(3) Pause Young (Normal) (G1 Evacuation Pause) 5M->3M(12M) 1,786ms
[2024-01-01T14:15:44.597+0300][info][gc] GC(4) Pause Young (Normal) (G1 Evacuation Pause) 5M->4M(12M) 1,694ms
[2024-01-01T14:15:54.652+0300][info][gc] GC(5) Pause Young (Normal) (G1 Evacuation Pause) 7M->4M(12M) 6,859ms
[2024-01-01T14:16:02.691+0300][info][gc] GC(6) Pause Young (Concurrent Start) (G1 Humongous Allocation) 5M->4M(12M) 2,577ms
[2024-01-01T14:16:02.691+0300][info][gc] GC(7) Concurrent Mark Cycle
[2024-01-01T14:16:02.697+0300][info][gc] GC(7) Pause Remark 5M->5M(12M) 2,457ms
[2024-01-01T14:16:02.700+0300][info][gc] GC(7) Pause Cleanup 5M->5M(12M) 0,026ms
[2024-01-01T14:16:02.700+0300][info][gc] GC(7) Concurrent Mark Cycle 9,703ms
[2024-01-01T14:16:30.697+0300][info][gc] GC(8) Pause Young (Prepare Mixed) (G1 Evacuation Pause) 8M->5M(12M) 1,158ms
[2024-01-01T14:16:35.223+0300][info][gc] GC(9) Pause Young (Mixed) (G1 Evacuation Pause) (Evacuation Failure) 8M->7M(12M) 2,281ms
[2024-01-01T14:16:35.235+0300][info][gc] GC(10) Pause Young (Concurrent Start) (G1 Evacuation Pause) 8M->7M(12M) 1,242ms
[2024-01-01T14:16:35.235+0300][info][gc] GC(11) Concurrent Mark Cycle
[2024-01-01T14:16:35.237+0300][info][gc] GC(12) Pause Young (Normal) (G1 Evacuation Pause) 8M->7M(12M) 0,911ms
[2024-01-01T14:16:35.240+0300][info][gc] GC(13) Pause Young (Normal) (G1 Evacuation Pause) 8M->7M(12M) 1,445ms
[2024-01-01T14:16:35.244+0300][info][gc] GC(11) Pause Remark 8M->8M(12M) 2,802ms
[2024-01-01T14:16:35.246+0300][info][gc] GC(14) Pause Young (Normal) (G1 Evacuation Pause) 8M->7M(12M) 1,606ms
[2024-01-01T14:16:35.247+0300][info][gc] GC(11) Pause Cleanup 8M->8M(12M) 0,028ms
[2024-01-01T14:16:35.248+0300][info][gc] GC(11) Concurrent Mark Cycle 12,859ms
[2024-01-01T14:16:35.249+0300][info][gc] GC(15) Pause Young (Prepare Mixed) (G1 Evacuation Pause) 8M->7M(12M) 0,958ms
[2024-01-01T14:16:35.251+0300][info][gc] GC(16) Pause Young (Mixed) (G1 Evacuation Pause) 8M->6M(12M) 0,685ms
[2024-01-01T14:16:35.252+0300][info][gc] GC(17) Pause Young (Concurrent Start) (G1 Evacuation Pause) 7M->6M(12M) 0,856ms
[2024-01-01T14:16:35.252+0300][info][gc] GC(18) Concurrent Mark Cycle
[2024-01-01T14:16:35.255+0300][info][gc] GC(19) Pause Young (Normal) (G1 Evacuation Pause) 7M->6M(12M) 1,285ms
[2024-01-01T14:16:35.257+0300][info][gc] GC(20) Pause Young (Normal) (G1 Evacuation Pause) 7M->6M(12M) 0,886ms
[2024-01-01T14:16:35.260+0300][info][gc] GC(18) Pause Remark 6M->6M(12M) 1,420ms
[2024-01-01T14:16:35.261+0300][info][gc] GC(21) Pause Young (Normal) (G1 Evacuation Pause) 7M->6M(12M) 0,453ms
[2024-01-01T14:16:35.262+0300][info][gc] GC(18) Pause Cleanup 7M->7M(12M) 0,016ms
[2024-01-01T14:16:35.262+0300][info][gc] GC(18) Concurrent Mark Cycle 9,631ms
[2024-01-01T14:16:35.263+0300][info][gc] GC(22) Pause Young (Prepare Mixed) (G1 Evacuation Pause) 7M->6M(12M) 0,424ms
[2024-01-01T14:16:35.267+0300][info][gc] GC(23) Pause Young (Mixed) (G1 Evacuation Pause) 7M->6M(12M) 2,576ms
[2024-01-01T14:16:35.270+0300][info][gc] GC(24) Pause Young (Concurrent Start) (G1 Evacuation Pause) 8M->6M(12M) 0,668ms
[2024-01-01T14:16:35.270+0300][info][gc] GC(25) Concurrent Mark Cycle
[2024-01-01T14:16:35.272+0300][info][gc] GC(26) Pause Young (Normal) (G1 Evacuation Pause) 8M->6M(12M) 0,507ms
[2024-01-01T14:16:35.273+0300][info][gc] GC(27) Pause Young (Normal) (G1 Evacuation Pause) 7M->6M(12M) 0,303ms
[2024-01-01T14:16:35.275+0300][info][gc] GC(28) Pause Young (Normal) (G1 Evacuation Pause) 7M->6M(12M) 0,617ms
[2024-01-01T14:16:35.281+0300][info][gc] GC(25) Pause Remark 6M->6M(12M) 5,762ms
[2024-01-01T14:16:35.283+0300][info][gc] GC(29) Pause Young (Normal) (G1 Evacuation Pause) 7M->6M(12M) 0,825ms
[2024-01-01T14:16:35.284+0300][info][gc] GC(30) Pause Young (Normal) (G1 Evacuation Pause) 7M->6M(12M) 0,284ms
[2024-01-01T14:16:35.284+0300][info][gc] GC(25) Pause Cleanup 7M->7M(12M) 0,017ms
[2024-01-01T14:16:35.284+0300][info][gc] GC(25) Concurrent Mark Cycle 14,922ms
[2024-01-01T14:16:35.285+0300][info][gc] GC(31) Pause Young (Prepare Mixed) (G1 Evacuation Pause) 7M->6M(12M) 0,240ms
[2024-01-01T14:16:35.287+0300][info][gc] GC(32) Pause Young (Mixed) (G1 Evacuation Pause) 7M->6M(12M) 0,951ms
[2024-01-01T14:16:35.288+0300][info][gc] GC(33) Pause Young (Concurrent Start) (G1 Evacuation Pause) 7M->6M(12M) 0,572ms
[2024-01-01T14:16:35.289+0300][info][gc] GC(34) Concurrent Mark Cycle
[2024-01-01T14:16:35.290+0300][info][gc] GC(35) Pause Young (Normal) (G1 Evacuation Pause) 7M->6M(12M) 0,196ms
[2024-01-01T14:16:35.291+0300][info][gc] GC(36) Pause Young (Normal) (G1 Evacuation Pause) 7M->6M(12M) 0,252ms
[2024-01-01T14:16:35.298+0300][info][gc] GC(34) Pause Remark 8M->8M(12M) 5,191ms
[2024-01-01T14:16:35.301+0300][info][gc] GC(34) Pause Cleanup 8M->8M(12M) 0,085ms
[2024-01-01T14:16:35.301+0300][info][gc] GC(34) Concurrent Mark Cycle 12,526ms
[2024-01-01T14:16:35.767+0300][info][gc] GC(37) Pause Young (Normal) (G1 Evacuation Pause) 8M->5M(12M) 0,744ms
