[2024-01-01T13:57:15.791+0300][info][gc] Using Parallel
[2024-01-01T13:57:17.000+0300][info][gc] GC(0) Pause Young (Allocation Failure) 3M->2M(11M) 3,803ms
[2024-01-01T13:57:19.219+0300][info][gc] GC(1) Pause Young (Allocation Failure) 5M->3M(11M) 1,595ms
[2024-01-01T13:57:19.279+0300][info][gc] GC(2) Pause Young (Allocation Failure) 6M->4M(11M) 1,668ms
[2024-01-01T13:57:19.363+0300][info][gc] GC(3) Pause Young (Allocation Failure) 7M->4M(11M) 1,712ms
[2024-01-01T13:57:30.494+0300][info][gc] GC(4) Pause Young (Allocation Failure) 7M->5M(11M) 1,468ms
[2024-01-01T13:57:48.421+0300][info][gc] GC(5) Pause Young (Allocation Failure) 8M->6M(10M) 2,885ms
[2024-01-01T13:58:04.427+0300][info][gc] GC(6) Pause Young (Allocation Failure) 8M->6M(11M) 1,328ms
[2024-01-01T13:58:25.375+0300][info][gc] GC(7) Pause Young (Allocation Failure) 8M->6M(11M) 0,531ms
[2024-01-01T13:58:25.390+0300][info][gc] GC(8) Pause Full (Ergonomics) 6M->5M(11M) 15,150ms
[2024-01-01T13:58:38.428+0300][info][gc] GC(9) Pause Young (Allocation Failure) 7M->5M(11M) 0,784ms
[2024-01-01T13:59:00.429+0300][info][gc] GC(10) Pause Young (Allocation Failure) 7M->5M(11M) 0,841ms
[2024-01-01T13:59:21.462+0300][info][gc] GC(11) Pause Young (Allocation Failure) 7M->5M(11M) 0,938ms