[2024-01-01T14:30:37.241+0300][info][gc] Using The Z Garbage Collector
[2024-01-01T14:30:37.369+0300][info][gc] GC(0) Garbage Collection (Warmup) 4M(25%)->4M(25%)
[2024-01-01T14:30:37.463+0300][info][gc] GC(1) Garbage Collection (Warmup) 4M(25%)->6M(38%)
[2024-01-01T14:30:37.560+0300][info][gc] GC(2) Garbage Collection (Warmup) 6M(38%)->4M(25%)
[2024-01-01T14:30:38.375+0300][info][gc] GC(3) Garbage Collection (Proactive) 6M(38%)->4M(25%)
[2024-01-01T14:30:40.285+0300][info][gc] GC(4) Garbage Collection (Proactive) 6M(38%)->6M(38%)
[2024-01-01T14:30:41.673+0300][info][gc] GC(5) Garbage Collection (Allocation Rate) 12M(75%)->8M(50%)
[2024-01-01T14:30:41.773+0300][info][gc] GC(6) Garbage Collection (Allocation Rate) 12M(75%)->8M(50%)
[2024-01-01T14:30:41.875+0300][info][gc] GC(7) Garbage Collection (Allocation Rate) 8M(50%)->8M(50%)
[2024-01-01T14:30:41.997+0300][info][gc] GC(8) Garbage Collection (Allocation Rate) 8M(50%)->6M(38%)
[2024-01-01T14:30:42.094+0300][info][gc] GC(9) Garbage Collection (Allocation Rate) 6M(38%)->6M(38%)
[2024-01-01T14:30:42.189+0300][info][gc] GC(10) Garbage Collection (Allocation Rate) 6M(38%)->6M(38%)
[2024-01-01T14:30:42.290+0300][info][gc] GC(11) Garbage Collection (Allocation Rate) 6M(38%)->6M(38%)
[2024-01-01T14:30:42.389+0300][info][gc] GC(12) Garbage Collection (Allocation Rate) 6M(38%)->6M(38%)
[2024-01-01T14:30:42.993+0300][info][gc] GC(13) Garbage Collection (Allocation Rate) 8M(50%)->8M(50%)
[2024-01-01T14:30:43.090+0300][info][gc] GC(14) Garbage Collection (Allocation Rate) 8M(50%)->6M(38%)
[2024-01-01T14:30:45.098+0300][info][gc] GC(15) Garbage Collection (Proactive) 8M(50%)->6M(38%)
[2024-01-01T14:30:47.670+0300][info][gc] GC(16) Garbage Collection (Proactive) 8M(50%)->6M(38%)
[2024-01-01T14:30:50.699+0300][info][gc] GC(17) Garbage Collection (Proactive) 8M(50%)->6M(38%)
[2024-01-01T14:30:54.488+0300][info][gc] GC(18) Garbage Collection (Proactive) 8M(50%)->6M(38%)
[2024-01-01T14:30:57.306+0300][info][gc] GC(19) Garbage Collection (Proactive) 10M(62%)->10M(62%)
[2024-01-01T14:31:04.772+0300][info][gc] GC(20) Garbage Collection (Proactive) 12M(75%)->12M(75%)
[2024-01-01T14:31:04.868+0300][info][gc] GC(21) Garbage Collection (Allocation Rate) 12M(75%)->12M(75%)
[2024-01-01T14:31:04.966+0300][info][gc] GC(22) Garbage Collection (Allocation Rate) 12M(75%)->12M(75%)
[2024-01-01T14:31:05.066+0300][info][gc] GC(23) Garbage Collection (Allocation Rate) 12M(75%)->12M(75%)
[2024-01-01T14:31:05.166+0300][info][gc] GC(24) Garbage Collection (Allocation Rate) 12M(75%)->12M(75%)
[2024-01-01T14:31:05.267+0300][info][gc] GC(25) Garbage Collection (Allocation Rate) 12M(75%)->12M(75%)
[2024-01-01T14:31:05.367+0300][info][gc] GC(26) Garbage Collection (Allocation Rate) 12M(75%)->12M(75%)
[2024-01-01T14:31:05.466+0300][info][gc] GC(27) Garbage Collection (Allocation Rate) 12M(75%)->12M(75%)
[2024-01-01T14:31:05.567+0300][info][gc] GC(28) Garbage Collection (Allocation Rate) 12M(75%)->10M(62%)
[2024-01-01T14:31:05.665+0300][info][gc] GC(29) Garbage Collection (Allocation Rate) 10M(62%)->10M(62%)
[2024-01-01T14:31:05.764+0300][info][gc] GC(30) Garbage Collection (Allocation Rate) 10M(62%)->10M(62%)
[2024-01-01T14:31:05.864+0300][info][gc] GC(31) Garbage Collection (Allocation Rate) 12M(75%)->10M(62%)
[2024-01-01T14:31:06.464+0300][info][gc] GC(32) Garbage Collection (Allocation Rate) 10M(62%)->10M(62%)
[2024-01-01T14:31:06.564+0300][info][gc] GC(33) Garbage Collection (Allocation Rate) 10M(62%)->10M(62%)
[2024-01-01T14:31:06.667+0300][info][gc] GC(34) Garbage Collection (Allocation Rate) 10M(62%)->10M(62%)
[2024-01-01T14:31:06.766+0300][info][gc] GC(35) Garbage Collection (Allocation Rate) 10M(62%)->10M(62%)
[2024-01-01T14:31:06.868+0300][info][gc] GC(36) Garbage Collection (Allocation Rate) 12M(75%)->12M(75%)
[2024-01-01T14:31:06.967+0300][info][gc] GC(37) Garbage Collection (Allocation Rate) 12M(75%)->10M(62%)
[2024-01-01T14:31:07.868+0300][info][gc] GC(38) Garbage Collection (Proactive) 12M(75%)->12M(75%)
[2024-01-01T14:31:22.867+0300][info][gc] GC(39) Garbage Collection (Allocation Rate) 14M(88%)->12M(75%)
[2024-01-01T14:31:22.967+0300][info][gc] GC(40) Garbage Collection (Allocation Rate) 12M(75%)->12M(75%)
[2024-01-01T14:31:23.066+0300][info][gc] GC(41) Garbage Collection (Allocation Rate) 12M(75%)->12M(75%)
[2024-01-01T14:31:23.166+0300][info][gc] GC(42) Garbage Collection (Allocation Rate) 12M(75%)->12M(75%)
[2024-01-01T14:31:23.266+0300][info][gc] GC(43) Garbage Collection (Allocation Rate) 12M(75%)->12M(75%)
[2024-01-01T14:31:23.366+0300][info][gc] GC(44) Garbage Collection (Allocation Rate) 12M(75%)->12M(75%)
[2024-01-01T14:31:23.466+0300][info][gc] GC(45) Garbage Collection (Allocation Rate) 12M(75%)->12M(75%)
[2024-01-01T14:31:23.566+0300][info][gc] GC(46) Garbage Collection (Allocation Rate) 12M(75%)->12M(75%)
[2024-01-01T14:31:23.666+0300][info][gc] GC(47) Garbage Collection (Allocation Rate) 12M(75%)->12M(75%)
[2024-01-01T14:31:23.766+0300][info][gc] GC(48) Garbage Collection (Allocation Rate) 12M(75%)->12M(75%)
[2024-01-01T14:31:23.867+0300][info][gc] GC(49) Garbage Collection (Allocation Rate) 12M(75%)->12M(75%)
[2024-01-01T14:31:23.966+0300][info][gc] GC(50) Garbage Collection (Allocation Rate) 12M(75%)->12M(75%)
[2024-01-01T14:31:24.066+0300][info][gc] GC(51) Garbage Collection (Allocation Rate) 12M(75%)->12M(75%)
[2024-01-01T14:31:24.166+0300][info][gc] GC(52) Garbage Collection (Allocation Rate) 12M(75%)->12M(75%)
[2024-01-01T14:31:24.266+0300][info][gc] GC(53) Garbage Collection (Allocation Rate) 12M(75%)->12M(75%)
[2024-01-01T14:31:24.366+0300][info][gc] GC(54) Garbage Collection (Allocation Rate) 12M(75%)->12M(75%)
[2024-01-01T14:31:24.466+0300][info][gc] GC(55) Garbage Collection (Allocation Rate) 12M(75%)->12M(75%)
[2024-01-01T14:31:24.566+0300][info][gc] GC(56) Garbage Collection (Allocation Rate) 12M(75%)->12M(75%)
[2024-01-01T14:31:24.667+0300][info][gc] GC(57) Garbage Collection (Allocation Rate) 12M(75%)->12M(75%)
[2024-01-01T14:31:24.767+0300][info][gc] GC(58) Garbage Collection (Allocation Rate) 12M(75%)->12M(75%)
[2024-01-01T14:31:24.867+0300][info][gc] GC(59) Garbage Collection (Allocation Rate) 12M(75%)->12M(75%)
[2024-01-01T14:31:24.966+0300][info][gc] GC(60) Garbage Collection (Allocation Rate) 12M(75%)->12M(75%)
[2024-01-01T14:31:25.066+0300][info][gc] GC(61) Garbage Collection (Allocation Rate) 12M(75%)->12M(75%)
[2024-01-01T14:31:25.166+0300][info][gc] GC(62) Garbage Collection (Allocation Rate) 12M(75%)->12M(75%)
[2024-01-01T14:31:25.266+0300][info][gc] GC(63) Garbage Collection (Allocation Rate) 12M(75%)->12M(75%)
[2024-01-01T14:31:25.366+0300][info][gc] GC(64) Garbage Collection (Allocation Rate) 12M(75%)->12M(75%)
[2024-01-01T14:31:25.466+0300][info][gc] GC(65) Garbage Collection (Allocation Rate) 12M(75%)->12M(75%)
[2024-01-01T14:31:25.566+0300][info][gc] GC(66) Garbage Collection (Allocation Rate) 12M(75%)->12M(75%)
[2024-01-01T14:31:25.666+0300][info][gc] GC(67) Garbage Collection (Allocation Rate) 12M(75%)->12M(75%)
[2024-01-01T14:31:25.767+0300][info][gc] GC(68) Garbage Collection (Allocation Rate) 12M(75%)->12M(75%)
[2024-01-01T14:31:25.868+0300][info][gc] GC(69) Garbage Collection (Allocation Rate) 12M(75%)->12M(75%)
[2024-01-01T14:31:25.966+0300][info][gc] GC(70) Garbage Collection (Allocation Rate) 12M(75%)->12M(75%)
[2024-01-01T14:31:26.066+0300][info][gc] GC(71) Garbage Collection (Allocation Rate) 12M(75%)->12M(75%)
[2024-01-01T14:31:26.166+0300][info][gc] GC(72) Garbage Collection (Allocation Rate) 12M(75%)->12M(75%)
[2024-01-01T14:31:26.266+0300][info][gc] GC(73) Garbage Collection (Allocation Rate) 12M(75%)->12M(75%)
[2024-01-01T14:31:26.366+0300][info][gc] GC(74) Garbage Collection (Allocation Rate) 12M(75%)->12M(75%)
[2024-01-01T14:31:26.466+0300][info][gc] GC(75) Garbage Collection (Allocation Rate) 12M(75%)->12M(75%)
[2024-01-01T14:31:26.567+0300][info][gc] GC(76) Garbage Collection (Allocation Rate) 12M(75%)->12M(75%)
[2024-01-01T14:31:26.666+0300][info][gc] GC(77) Garbage Collection (Allocation Rate) 12M(75%)->12M(75%)
[2024-01-01T14:31:26.767+0300][info][gc] GC(78) Garbage Collection (Allocation Rate) 12M(75%)->12M(75%)
[2024-01-01T14:31:26.867+0300][info][gc] GC(79) Garbage Collection (Allocation Rate) 12M(75%)->12M(75%)
[2024-01-01T14:31:26.967+0300][info][gc] GC(80) Garbage Collection (Allocation Rate) 12M(75%)->12M(75%)
[2024-01-01T14:31:27.066+0300][info][gc] GC(81) Garbage Collection (Allocation Rate) 12M(75%)->12M(75%)
[2024-01-01T14:31:27.166+0300][info][gc] GC(82) Garbage Collection (Allocation Rate) 12M(75%)->12M(75%)
[2024-01-01T14:31:27.266+0300][info][gc] GC(83) Garbage Collection (Allocation Rate) 12M(75%)->12M(75%)
[2024-01-01T14:31:27.366+0300][info][gc] GC(84) Garbage Collection (Allocation Rate) 12M(75%)->12M(75%)
[2024-01-01T14:31:27.466+0300][info][gc] GC(85) Garbage Collection (Allocation Rate) 12M(75%)->10M(62%)
[2024-01-01T14:31:27.866+0300][info][gc] GC(86) Garbage Collection (Allocation Rate) 12M(75%)->10M(62%)
[2024-01-01T14:31:28.164+0300][info][gc] GC(87) Garbage Collection (Allocation Rate) 10M(62%)->10M(62%)
[2024-01-01T14:31:28.265+0300][info][gc] GC(88) Garbage Collection (Allocation Rate) 10M(62%)->10M(62%)
[2024-01-01T14:31:28.364+0300][info][gc] GC(89) Garbage Collection (Allocation Rate) 10M(62%)->10M(62%)
[2024-01-01T14:31:28.465+0300][info][gc] GC(90) Garbage Collection (Allocation Rate) 10M(62%)->10M(62%)
[2024-01-01T14:31:28.564+0300][info][gc] GC(91) Garbage Collection (Allocation Rate) 10M(62%)->10M(62%)
[2024-01-01T14:31:28.664+0300][info][gc] GC(92) Garbage Collection (Allocation Rate) 10M(62%)->10M(62%)
[2024-01-01T14:31:28.866+0300][info][gc] GC(93) Garbage Collection (Allocation Rate) 12M(75%)->10M(62%)
[2024-01-01T14:31:29.865+0300][info][gc] GC(94) Garbage Collection (Proactive) 12M(75%)->10M(62%)
[2024-01-01T14:31:30.867+0300][info][gc] GC(95) Garbage Collection (Proactive) 12M(75%)->10M(62%)
[2024-01-01T14:31:31.866+0300][info][gc] GC(96) Garbage Collection (Proactive) 12M(75%)->12M(75%)
[2024-01-01T14:31:46.870+0300][info][gc] GC(97) Garbage Collection (Allocation Rate) 14M(88%)->12M(75%)
[2024-01-01T14:31:46.968+0300][info][gc] GC(98) Garbage Collection (Allocation Rate) 12M(75%)->12M(75%)
[2024-01-01T14:31:47.066+0300][info][gc] GC(99) Garbage Collection (Allocation Rate) 12M(75%)->12M(75%)
[2024-01-01T14:31:47.167+0300][info][gc] GC(100) Garbage Collection (Allocation Rate) 12M(75%)->12M(75%)
[2024-01-01T14:31:47.266+0300][info][gc] GC(101) Garbage Collection (Allocation Rate) 12M(75%)->12M(75%)
[2024-01-01T14:31:47.368+0300][info][gc] GC(102) Garbage Collection (Allocation Rate) 12M(75%)->12M(75%)
[2024-01-01T14:31:47.467+0300][info][gc] GC(103) Garbage Collection (Allocation Rate) 12M(75%)->12M(75%)
[2024-01-01T14:31:47.568+0300][info][gc] GC(104) Garbage Collection (Allocation Rate) 12M(75%)->12M(75%)
[2024-01-01T14:31:47.668+0300][info][gc] GC(105) Garbage Collection (Allocation Rate) 12M(75%)->12M(75%)
[2024-01-01T14:31:47.767+0300][info][gc] GC(106) Garbage Collection (Allocation Rate) 12M(75%)->12M(75%)
[2024-01-01T14:31:47.875+0300][info][gc] GC(107) Garbage Collection (Allocation Rate) 12M(75%)->12M(75%)
[2024-01-01T14:31:47.968+0300][info][gc] GC(108) Garbage Collection (Allocation Rate) 12M(75%)->12M(75%)
[2024-01-01T14:31:48.067+0300][info][gc] GC(109) Garbage Collection (Allocation Rate) 12M(75%)->12M(75%)
[2024-01-01T14:31:48.167+0300][info][gc] GC(110) Garbage Collection (Allocation Rate) 12M(75%)->12M(75%)
[2024-01-01T14:31:48.267+0300][info][gc] GC(111) Garbage Collection (Allocation Rate) 12M(75%)->12M(75%)
[2024-01-01T14:31:48.373+0300][info][gc] GC(112) Garbage Collection (Allocation Rate) 12M(75%)->12M(75%)
[2024-01-01T14:31:48.470+0300][info][gc] GC(113) Garbage Collection (Allocation Rate) 12M(75%)->10M(62%)
[2024-01-01T14:31:48.868+0300][info][gc] GC(114) Garbage Collection (Allocation Rate) 12M(75%)->12M(75%)
[2024-01-01T14:31:48.966+0300][info][gc] GC(115) Garbage Collection (Allocation Rate) 12M(75%)->10M(62%)
[2024-01-01T14:31:49.366+0300][info][gc] GC(116) Garbage Collection (Allocation Rate) 10M(62%)->10M(62%)
[2024-01-01T14:31:49.466+0300][info][gc] GC(117) Garbage Collection (Allocation Rate) 10M(62%)->10M(62%)
[2024-01-01T14:31:49.866+0300][info][gc] GC(118) Garbage Collection (Allocation Rate) 12M(75%)->10M(62%)
[2024-01-01T14:31:50.876+0300][info][gc] GC(119) Garbage Collection (Proactive) 12M(75%)->12M(75%)
[2024-01-01T14:31:52.267+0300][info][gc] GC(120) Garbage Collection (Allocation Rate) 12M(75%)->12M(75%)
[2024-01-01T14:32:04.867+0300][info][gc] GC(121) Garbage Collection (Allocation Rate) 14M(88%)->12M(75%)
[2024-01-01T14:32:04.967+0300][info][gc] GC(122) Garbage Collection (Allocation Rate) 12M(75%)->12M(75%)
[2024-01-01T14:32:05.066+0300][info][gc] GC(123) Garbage Collection (Allocation Rate) 12M(75%)->12M(75%)
[2024-01-01T14:32:05.166+0300][info][gc] GC(124) Garbage Collection (Allocation Rate) 12M(75%)->12M(75%)
[2024-01-01T14:32:05.266+0300][info][gc] GC(125) Garbage Collection (Allocation Rate) 12M(75%)->12M(75%)
[2024-01-01T14:32:05.366+0300][info][gc] GC(126) Garbage Collection (Allocation Rate) 12M(75%)->12M(75%)
[2024-01-01T14:32:05.466+0300][info][gc] GC(127) Garbage Collection (Allocation Rate) 12M(75%)->12M(75%)
[2024-01-01T14:32:05.566+0300][info][gc] GC(128) Garbage Collection (Allocation Rate) 12M(75%)->12M(75%)
[2024-01-01T14:32:05.666+0300][info][gc] GC(129) Garbage Collection (Allocation Rate) 12M(75%)->12M(75%)
[2024-01-01T14:32:05.766+0300][info][gc] GC(130) Garbage Collection (Allocation Rate) 12M(75%)->12M(75%)
[2024-01-01T14:32:05.866+0300][info][gc] GC(131) Garbage Collection (Allocation Rate) 12M(75%)->12M(75%)
[2024-01-01T14:32:05.966+0300][info][gc] GC(132) Garbage Collection (Allocation Rate) 12M(75%)->12M(75%)
[2024-01-01T14:32:06.066+0300][info][gc] GC(133) Garbage Collection (Allocation Rate) 12M(75%)->12M(75%)
[2024-01-01T14:32:06.166+0300][info][gc] GC(134) Garbage Collection (Allocation Rate) 12M(75%)->12M(75%)
[2024-01-01T14:32:06.266+0300][info][gc] GC(135) Garbage Collection (Allocation Rate) 12M(75%)->12M(75%)
[2024-01-01T14:32:06.366+0300][info][gc] GC(136) Garbage Collection (Allocation Rate) 12M(75%)->12M(75%)
[2024-01-01T14:32:06.466+0300][info][gc] GC(137) Garbage Collection (Allocation Rate) 12M(75%)->12M(75%)
[2024-01-01T14:32:06.567+0300][info][gc] GC(138) Garbage Collection (Allocation Rate) 12M(75%)->12M(75%)
[2024-01-01T14:32:06.666+0300][info][gc] GC(139) Garbage Collection (Allocation Rate) 12M(75%)->10M(62%)
[2024-01-01T14:32:06.865+0300][info][gc] GC(140) Garbage Collection (Allocation Rate) 12M(75%)->12M(75%)
[2024-01-01T14:32:06.966+0300][info][gc] GC(141) Garbage Collection (Allocation Rate) 12M(75%)->12M(75%)
[2024-01-01T14:32:07.066+0300][info][gc] GC(142) Garbage Collection (Allocation Rate) 12M(75%)->12M(75%)
[2024-01-01T14:32:07.166+0300][info][gc] GC(143) Garbage Collection (Allocation Rate) 12M(75%)->12M(75%)
[2024-01-01T14:32:07.266+0300][info][gc] GC(144) Garbage Collection (Allocation Rate) 12M(75%)->12M(75%)
[2024-01-01T14:32:07.366+0300][info][gc] GC(145) Garbage Collection (Allocation Rate) 12M(75%)->12M(75%)
[2024-01-01T14:32:07.466+0300][info][gc] GC(146) Garbage Collection (Allocation Rate) 12M(75%)->12M(75%)
[2024-01-01T14:32:07.567+0300][info][gc] GC(147) Garbage Collection (Allocation Rate) 12M(75%)->12M(75%)
[2024-01-01T14:32:07.867+0300][info][gc] GC(148) Garbage Collection (Allocation Rate) 12M(75%)->12M(75%)
[2024-01-01T14:32:07.966+0300][info][gc] GC(149) Garbage Collection (Allocation Rate) 12M(75%)->12M(75%)
[2024-01-01T14:32:08.066+0300][info][gc] GC(150) Garbage Collection (Allocation Rate) 12M(75%)->12M(75%)
[2024-01-01T14:32:08.166+0300][info][gc] GC(151) Garbage Collection (Allocation Rate) 12M(75%)->12M(75%)
[2024-01-01T14:32:08.266+0300][info][gc] GC(152) Garbage Collection (Allocation Rate) 12M(75%)->12M(75%)
[2024-01-01T14:32:08.366+0300][info][gc] GC(153) Garbage Collection (Allocation Rate) 12M(75%)->12M(75%)
[2024-01-01T14:32:08.466+0300][info][gc] GC(154) Garbage Collection (Allocation Rate) 12M(75%)->12M(75%)
[2024-01-01T14:32:08.566+0300][info][gc] GC(155) Garbage Collection (Allocation Rate) 12M(75%)->12M(75%)
[2024-01-01T14:32:08.666+0300][info][gc] GC(156) Garbage Collection (Allocation Rate) 12M(75%)->10M(62%)
[2024-01-01T14:32:08.866+0300][info][gc] GC(157) Garbage Collection (Allocation Rate) 12M(75%)->12M(75%)
[2024-01-01T14:32:08.967+0300][info][gc] GC(158) Garbage Collection (Allocation Rate) 12M(75%)->12M(75%)
[2024-01-01T14:32:09.065+0300][info][gc] GC(159) Garbage Collection (Allocation Rate) 12M(75%)->12M(75%)
[2024-01-01T14:32:09.166+0300][info][gc] GC(160) Garbage Collection (Allocation Rate) 12M(75%)->12M(75%)
[2024-01-01T14:32:09.266+0300][info][gc] GC(161) Garbage Collection (Allocation Rate) 12M(75%)->12M(75%)
[2024-01-01T14:32:09.366+0300][info][gc] GC(162) Garbage Collection (Allocation Rate) 12M(75%)->12M(75%)
[2024-01-01T14:32:09.466+0300][info][gc] GC(163) Garbage Collection (Allocation Rate) 12M(75%)->12M(75%)
[2024-01-01T14:32:09.566+0300][info][gc] GC(164) Garbage Collection (Allocation Rate) 12M(75%)->12M(75%)
[2024-01-01T14:32:09.666+0300][info][gc] GC(165) Garbage Collection (Allocation Rate) 12M(75%)->12M(75%)
[2024-01-01T14:32:09.766+0300][info][gc] GC(166) Garbage Collection (Allocation Rate) 12M(75%)->12M(75%)
[2024-01-01T14:32:09.867+0300][info][gc] GC(167) Garbage Collection (Allocation Rate) 12M(75%)->12M(75%)
[2024-01-01T14:32:09.966+0300][info][gc] GC(168) Garbage Collection (Allocation Rate) 12M(75%)->12M(75%)
[2024-01-01T14:32:10.066+0300][info][gc] GC(169) Garbage Collection (Allocation Rate) 12M(75%)->12M(75%)
[2024-01-01T14:32:10.164+0300][info][gc] GC(170) Garbage Collection (Allocation Rate) 12M(75%)->10M(62%)
[2024-01-01T14:32:10.764+0300][info][gc] GC(171) Garbage Collection (Allocation Rate) 10M(62%)->10M(62%)
[2024-01-01T14:32:10.865+0300][info][gc] GC(172) Garbage Collection (Allocation Rate) 12M(75%)->12M(75%)
[2024-01-01T14:32:10.966+0300][info][gc] GC(173) Garbage Collection (Allocation Rate) 12M(75%)->12M(75%)
[2024-01-01T14:32:11.066+0300][info][gc] GC(174) Garbage Collection (Allocation Rate) 12M(75%)->12M(75%)
[2024-01-01T14:32:11.167+0300][info][gc] GC(175) Garbage Collection (Allocation Rate) 12M(75%)->12M(75%)
[2024-01-01T14:32:11.266+0300][info][gc] GC(176) Garbage Collection (Allocation Rate) 12M(75%)->12M(75%)
[2024-01-01T14:32:11.366+0300][info][gc] GC(177) Garbage Collection (Allocation Rate) 12M(75%)->12M(75%)
[2024-01-01T14:32:11.466+0300][info][gc] GC(178) Garbage Collection (Allocation Rate) 12M(75%)->12M(75%)
[2024-01-01T14:32:11.566+0300][info][gc] GC(179) Garbage Collection (Allocation Rate) 12M(75%)->12M(75%)
[2024-01-01T14:32:11.666+0300][info][gc] GC(180) Garbage Collection (Allocation Rate) 12M(75%)->12M(75%)
[2024-01-01T14:32:11.766+0300][info][gc] GC(181) Garbage Collection (Allocation Rate) 12M(75%)->12M(75%)
[2024-01-01T14:32:11.866+0300][info][gc] GC(182) Garbage Collection (Allocation Rate) 12M(75%)->12M(75%)
[2024-01-01T14:32:11.966+0300][info][gc] GC(183) Garbage Collection (Allocation Rate) 12M(75%)->12M(75%)
[2024-01-01T14:32:12.066+0300][info][gc] GC(184) Garbage Collection (Allocation Rate) 12M(75%)->12M(75%)
[2024-01-01T14:32:12.166+0300][info][gc] GC(185) Garbage Collection (Allocation Rate) 12M(75%)->12M(75%)
[2024-01-01T14:32:12.265+0300][info][gc] GC(186) Garbage Collection (Allocation Rate) 12M(75%)->12M(75%)
[2024-01-01T14:32:12.365+0300][info][gc] GC(187) Garbage Collection (Allocation Rate) 12M(75%)->10M(62%)
[2024-01-01T14:32:12.864+0300][info][gc] GC(188) Garbage Collection (Allocation Rate) 12M(75%)->10M(62%)
[2024-01-01T14:32:13.064+0300][info][gc] GC(189) Garbage Collection (Allocation Rate) 10M(62%)->10M(62%)
[2024-01-01T14:32:13.164+0300][info][gc] GC(190) Garbage Collection (Allocation Rate) 10M(62%)->10M(62%)
[2024-01-01T14:32:13.264+0300][info][gc] GC(191) Garbage Collection (Allocation Rate) 10M(62%)->10M(62%)
[2024-01-01T14:32:13.363+0300][info][gc] GC(192) Garbage Collection (Allocation Rate) 10M(62%)->10M(62%)
[2024-01-01T14:32:13.464+0300][info][gc] GC(193) Garbage Collection (Allocation Rate) 10M(62%)->10M(62%)
[2024-01-01T14:32:13.864+0300][info][gc] GC(194) Garbage Collection (Allocation Rate) 12M(75%)->10M(62%)
[2024-01-01T14:32:14.866+0300][info][gc] GC(195) Garbage Collection (Proactive) 12M(75%)->12M(75%)
[2024-01-01T14:32:29.967+0300][info][gc] GC(196) Garbage Collection (Allocation Rate) 14M(88%)->12M(75%)
[2024-01-01T14:32:30.067+0300][info][gc] GC(197) Garbage Collection (Allocation Rate) 12M(75%)->12M(75%)
[2024-01-01T14:32:30.166+0300][info][gc] GC(198) Garbage Collection (Allocation Rate) 12M(75%)->12M(75%)
[2024-01-01T14:32:30.267+0300][info][gc] GC(199) Garbage Collection (Allocation Rate) 12M(75%)->12M(75%)
[2024-01-01T14:32:30.366+0300][info][gc] GC(200) Garbage Collection (Allocation Rate) 12M(75%)->12M(75%)
[2024-01-01T14:32:30.468+0300][info][gc] GC(201) Garbage Collection (Allocation Rate) 12M(75%)->12M(75%)
[2024-01-01T14:32:30.567+0300][info][gc] GC(202) Garbage Collection (Allocation Rate) 12M(75%)->12M(75%)
[2024-01-01T14:32:30.666+0300][info][gc] GC(203) Garbage Collection (Allocation Rate) 12M(75%)->12M(75%)
[2024-01-01T14:32:30.765+0300][info][gc] GC(204) Garbage Collection (Allocation Rate) 12M(75%)->12M(75%)
[2024-01-01T14:32:30.867+0300][info][gc] GC(205) Garbage Collection (Allocation Rate) 12M(75%)->12M(75%)
[2024-01-01T14:32:30.966+0300][info][gc] GC(206) Garbage Collection (Allocation Rate) 12M(75%)->12M(75%)
[2024-01-01T14:32:31.066+0300][info][gc] GC(207) Garbage Collection (Allocation Rate) 12M(75%)->12M(75%)
[2024-01-01T14:32:31.166+0300][info][gc] GC(208) Garbage Collection (Allocation Rate) 12M(75%)->12M(75%)
[2024-01-01T14:32:31.266+0300][info][gc] GC(209) Garbage Collection (Allocation Rate) 12M(75%)->12M(75%)
[2024-01-01T14:32:31.366+0300][info][gc] GC(210) Garbage Collection (Allocation Rate) 12M(75%)->12M(75%)
[2024-01-01T14:32:31.467+0300][info][gc] GC(211) Garbage Collection (Allocation Rate) 12M(75%)->12M(75%)
[2024-01-01T14:32:31.572+0300][info][gc] GC(212) Garbage Collection (Allocation Rate) 12M(75%)->10M(62%)
[2024-01-01T14:32:31.864+0300][info][gc] GC(213) Garbage Collection (Allocation Rate) 12M(75%)->10M(62%)
[2024-01-01T14:32:32.164+0300][info][gc] GC(214) Garbage Collection (Allocation Rate) 10M(62%)->10M(62%)
[2024-01-01T14:32:32.264+0300][info][gc] GC(215) Garbage Collection (Allocation Rate) 10M(62%)->10M(62%)
[2024-01-01T14:32:32.364+0300][info][gc] GC(216) Garbage Collection (Allocation Rate) 10M(62%)->10M(62%)
[2024-01-01T14:32:32.465+0300][info][gc] GC(217) Garbage Collection (Allocation Rate) 10M(62%)->10M(62%)
[2024-01-01T14:32:32.565+0300][info][gc] GC(218) Garbage Collection (Allocation Rate) 10M(62%)->10M(62%)
[2024-01-01T14:32:32.665+0300][info][gc] GC(219) Garbage Collection (Allocation Rate) 10M(62%)->10M(62%)
[2024-01-01T14:32:32.765+0300][info][gc] GC(220) Garbage Collection (Allocation Rate) 10M(62%)->10M(62%)
[2024-01-01T14:32:32.864+0300][info][gc] GC(221) Garbage Collection (Allocation Rate) 12M(75%)->10M(62%)
[2024-01-01T14:32:33.865+0300][info][gc] GC(222) Garbage Collection (Proactive) 12M(75%)->12M(75%)
