[0.002s][info][gc] Using Serial
[3,818s][info][gc] GC(0) Pause Young (Allocation Failure) 5M->2M(15M) 4,169ms
[3,917s][info][gc] GC(1) Pause Young (Allocation Failure) 7M->3M(15M) 2,551ms
[5,055s][info][gc] GC(2) Pause Young (Allocation Failure) 7M->4M(15M) 9,843ms
[13,542s][info][gc] GC(3) Pause Young (Allocation Failure) 8M->4M(15M) 2,612ms
[13,554s][info][gc] GC(4) Pause Young (Allocation Failure) 8M->4M(15M) 0,442ms
[13,562s][info][gc] GC(5) Pause Young (Allocation Failure) 8M->4M(15M) 0,425ms
[13,569s][info][gc] GC(6) Pause Young (Allocation Failure) 8M->4M(15M) 0,433ms
[13,574s][info][gc] GC(7) Pause Young (Allocation Failure) 8M->4M(15M) 0,382ms
[13,579s][info][gc] GC(8) Pause Young (Allocation Failure) 8M->4M(15M) 0,394ms
[13,584s][info][gc] GC(9) Pause Young (Allocation Failure) 8M->4M(15M) 0,343ms
[13,589s][info][gc] GC(10) Pause Young (Allocation Failure) 8M->4M(15M) 0,380ms
[13,594s][info][gc] GC(11) Pause Young (Allocation Failure) 8M->4M(15M) 0,383ms
[13,597s][info][gc] GC(12) Pause Young (Allocation Failure) 8M->4M(15M) 0,405ms
[13,602s][info][gc] GC(13) Pause Young (Allocation Failure) 8M->4M(15M) 0,564ms
[13,605s][info][gc] GC(14) Pause Young (Allocation Failure) 8M->4M(15M) 0,396ms
[13,608s][info][gc] GC(15) Pause Young (Allocation Failure) 8M->4M(15M) 0,491ms
[13,612s][info][gc] GC(16) Pause Young (Allocation Failure) 8M->4M(15M) 0,397ms
[28,020s][info][gc] GC(17) Pause Young (Allocation Failure) 8M->4M(15M) 2,575ms
[73,023s][info][gc] GC(18) Pause Young (Allocation Failure) 8M->4M(15M) 2,995ms
[120,124s][info][gc] GC(19) Pause Young (Allocation Failure) 8M->4M(15M) 0,546ms
[168,123s][info][gc] GC(20) Pause Young (Allocation Failure) 8M->4M(15M) 0,715ms
[218,114s][info][gc] GC(21) Pause Young (Allocation Failure) 8M->4M(15M) 0,686ms
[268,150s][info][gc] GC(22) Pause Young (Allocation Failure) 8M->4M(15M) 0,829ms
[299,366s][info][gc] GC(23) Pause Young (Allocation Failure) 8M->4M(15M) 2,261ms
[299,384s][info][gc] GC(24) Pause Young (Allocation Failure) 8M->4M(15M) 2,742ms
[299,399s][info][gc] GC(25) Pause Young (Allocation Failure) 8M->4M(15M) 1,522ms
[299,407s][info][gc] GC(26) Pause Young (Allocation Failure) 8M->4M(15M) 1,141ms
[299,413s][info][gc] GC(27) Pause Young (Allocation Failure) 8M->4M(15M) 1,118ms
[299,418s][info][gc] GC(28) Pause Young (Allocation Failure) 8M->4M(15M) 0,864ms
[299,423s][info][gc] GC(29) Pause Young (Allocation Failure) 8M->4M(15M) 0,749ms
[299,427s][info][gc] GC(30) Pause Young (Allocation Failure) 8M->4M(15M) 0,611ms
[299,431s][info][gc] GC(31) Pause Young (Allocation Failure) 8M->4M(15M) 0,575ms
[299,435s][info][gc] GC(32) Pause Young (Allocation Failure) 8M->4M(15M) 0,631ms
[299,439s][info][gc] GC(33) Pause Young (Allocation Failure) 8M->4M(15M) 0,917ms
[299,443s][info][gc] GC(34) Pause Young (Allocation Failure) 8M->4M(15M) 0,411ms
[299,446s][info][gc] GC(35) Pause Young (Allocation Failure) 8M->4M(15M) 0,324ms
[299,450s][info][gc] GC(36) Pause Young (Allocation Failure) 8M->4M(15M) 0,323ms
[301,150s][info][gc] GC(37) Pause Young (Allocation Failure) 8M->4M(15M) 0,461ms
