[2024-01-01T14:34:21.414+0300][info][gc] Using The Z Garbage Collector
[2024-01-01T14:34:21.544+0300][info][gc] GC(0) Garbage Collection (Warmup) 4M(25%)->4M(25%)
[2024-01-01T14:34:21.638+0300][info][gc] GC(1) Garbage Collection (Warmup) 4M(25%)->6M(38%)
[2024-01-01T14:34:21.738+0300][info][gc] GC(2) Garbage Collection (Warmup) 6M(38%)->4M(25%)
[2024-01-01T14:34:22.551+0300][info][gc] GC(3) Garbage Collection (Proactive) 6M(38%)->4M(25%)
[2024-01-01T14:34:24.361+0300][info][gc] GC(4) Garbage Collection (Proactive) 6M(38%)->6M(38%)
[2024-01-01T14:34:24.944+0300][info][gc] GC(5) Garbage Collection (Allocation Rate) 12M(75%)->8M(50%)
[2024-01-01T14:34:25.073+0300][info][gc] GC(6) Garbage Collection (Allocation Rate) 12M(75%)->8M(50%)
[2024-01-01T14:34:25.148+0300][info][gc] GC(7) Garbage Collection (Allocation Rate) 8M(50%)->8M(50%)
[2024-01-01T14:34:25.247+0300][info][gc] GC(8) Garbage Collection (Allocation Rate) 8M(50%)->6M(38%)
[2024-01-01T14:34:25.344+0300][info][gc] GC(9) Garbage Collection (Allocation Rate) 6M(38%)->6M(38%)
[2024-01-01T14:34:25.442+0300][info][gc] GC(10) Garbage Collection (Allocation Rate) 6M(38%)->6M(38%)
[2024-01-01T14:34:25.546+0300][info][gc] GC(11) Garbage Collection (Allocation Rate) 6M(38%)->6M(38%)
[2024-01-01T14:34:26.469+0300][info][gc] GC(12) Garbage Collection (Allocation Rate) 8M(50%)->8M(50%)
[2024-01-01T14:34:26.572+0300][info][gc] GC(13) Garbage Collection (Allocation Rate) 8M(50%)->6M(38%)
[2024-01-01T14:34:29.860+0300][info][gc] GC(14) Garbage Collection (Proactive) 8M(50%)->6M(38%)
[2024-01-01T14:34:32.470+0300][info][gc] GC(15) Garbage Collection (Proactive) 8M(50%)->6M(38%)
[2024-01-01T14:34:35.067+0300][info][gc] GC(16) Garbage Collection (Proactive) 8M(50%)->8M(50%)
[2024-01-01T14:34:40.451+0300][info][gc] GC(17) Garbage Collection (Proactive) 10M(62%)->10M(62%)
[2024-01-01T14:34:49.946+0300][info][gc] GC(18) Garbage Collection (Proactive) 12M(75%)->10M(62%)
[2024-01-01T14:34:50.145+0300][info][gc] GC(19) Garbage Collection (Allocation Rate) 12M(75%)->10M(62%)
[2024-01-01T14:34:51.649+0300][info][gc] GC(20) Garbage Collection (Proactive) 12M(75%)->10M(62%)
[2024-01-01T14:34:53.042+0300][info][gc] GC(21) Garbage Collection (Proactive) 12M(75%)->12M(75%)
[2024-01-01T14:35:03.142+0300][info][gc] GC(22) Garbage Collection (Allocation Rate) 14M(88%)->8M(50%)
[2024-01-01T14:35:04.049+0300][info][gc] GC(23) Garbage Collection (Proactive) 10M(62%)->10M(62%)
