[2024-01-01T14:19:12.418+0300][info][gc] Using G1
[2024-01-01T14:19:16.351+0300][info][gc] GC(0) Pause Young (Normal) (G1 Evacuation Pause) 5M->3M(12M) 3,130ms
[2024-01-01T14:19:16.379+0300][info][gc] GC(1) Pause Young (Normal) (G1 Evacuation Pause) 4M->3M(12M) 1,696ms
[2024-01-01T14:19:16.395+0300][info][gc] GC(2) Pause Young (Normal) (G1 Evacuation Pause) 4M->3M(12M) 0,560ms
[2024-01-01T14:19:16.443+0300][info][gc] GC(3) Pause Young (Normal) (G1 Evacuation Pause) 5M->3M(12M) 1,015ms
[2024-01-01T14:19:16.509+0300][info][gc] GC(4) Pause Young (Normal) (G1 Evacuation Pause) 5M->4M(12M) 2,163ms
[2024-01-01T14:19:25.647+0300][info][gc] GC(5) Pause Young (Normal) (G1 Evacuation Pause) 7M->4M(12M) 2,170ms
[2024-01-01T14:19:35.240+0300][info][gc] GC(6) Pause Young (Concurrent Start) (G1 Humongous Allocation) 6M->4M(12M) 5,459ms
[2024-01-01T14:19:35.240+0300][info][gc] GC(7) Concurrent Mark Cycle
[2024-01-01T14:19:35.265+0300][info][gc] GC(7) Pause Remark 5M->5M(12M) 7,316ms
[2024-01-01T14:19:35.276+0300][info][gc] GC(7) Pause Cleanup 5M->5M(12M) 0,163ms
[2024-01-01T14:19:35.276+0300][info][gc] GC(7) Concurrent Mark Cycle 35,991ms
[2024-01-01T14:20:02.600+0300][info][gc] GC(8) Pause Young (Prepare Mixed) (G1 Evacuation Pause) 9M->6M(12M) 1,848ms
[2024-01-01T14:20:22.597+0300][info][gc] GC(9) Pause Young (Mixed) (G1 Evacuation Pause) 8M->6M(12M) 1,619ms
[2024-01-01T14:20:32.605+0300][info][gc] GC(10) Pause Young (Concurrent Start) (G1 Evacuation Pause) 7M->6M(12M) 2,094ms
[2024-01-01T14:20:32.605+0300][info][gc] GC(11) Concurrent Mark Cycle
[2024-01-01T14:20:32.619+0300][info][gc] GC(11) Pause Remark 6M->6M(12M) 2,733ms
[2024-01-01T14:20:32.624+0300][info][gc] GC(11) Pause Cleanup 6M->6M(12M) 0,182ms
[2024-01-01T14:20:32.625+0300][info][gc] GC(11) Concurrent Mark Cycle 19,206ms
[2024-01-01T14:20:42.602+0300][info][gc] GC(12) Pause Young (Prepare Mixed) (G1 Evacuation Pause) 7M->6M(12M) 0,490ms
[2024-01-01T14:20:52.612+0300][info][gc] GC(13) Pause Young (Mixed) (G1 Evacuation Pause) 7M->6M(12M) 3,186ms
[2024-01-01T14:21:02.603+0300][info][gc] GC(14) Pause Young (Concurrent Start) (G1 Evacuation Pause) 7M->6M(12M) 0,587ms
[2024-01-01T14:21:02.603+0300][info][gc] GC(15) Concurrent Mark Cycle
[2024-01-01T14:21:02.610+0300][info][gc] GC(15) Pause Remark 6M->6M(12M) 2,686ms
[2024-01-01T14:21:02.612+0300][info][gc] GC(15) Pause Cleanup 6M->6M(12M) 0,047ms
[2024-01-01T14:21:02.612+0300][info][gc] GC(15) Concurrent Mark Cycle 8,745ms
[2024-01-01T14:21:10.605+0300][info][gc] GC(16) Pause Young (Prepare Mixed) (G1 Evacuation Pause) 7M->6M(12M) 1,149ms
[2024-01-01T14:21:20.612+0300][info][gc] GC(17) Pause Young (Mixed) (G1 Evacuation Pause) 7M->4M(12M) 3,737ms
[2024-01-01T14:21:50.622+0300][info][gc] GC(18) Pause Young (Concurrent Start) (G1 Evacuation Pause) 7M->4M(12M) 1,094ms
[2024-01-01T14:21:50.622+0300][info][gc] GC(19) Concurrent Mark Cycle
[2024-01-01T14:21:50.627+0300][info][gc] GC(19) Pause Remark 5M->5M(12M) 1,364ms
[2024-01-01T14:21:50.627+0300][info][gc] GC(19) Pause Cleanup 5M->5M(12M) 0,004ms
[2024-01-01T14:21:50.628+0300][info][gc] GC(19) Concurrent Mark Cycle 5,870ms
