[2024-01-01T14:23:45.866+0300][info][gc] Using G1
[2024-01-01T14:23:49.611+0300][info][gc] GC(0) Pause Young (Normal) (G1 Evacuation Pause) 5M->3M(12M) 4,318ms
[2024-01-01T14:23:49.641+0300][info][gc] GC(1) Pause Young (Normal) (G1 Evacuation Pause) 4M->3M(12M) 1,772ms
[2024-01-01T14:23:49.659+0300][info][gc] GC(2) Pause Young (Normal) (G1 Evacuation Pause) 4M->3M(12M) 0,547ms
[2024-01-01T14:23:49.703+0300][info][gc] GC(3) Pause Young (Normal) (G1 Evacuation Pause) 5M->3M(12M) 1,262ms
[2024-01-01T14:23:49.779+0300][info][gc] GC(4) Pause Young (Normal) (G1 Evacuation Pause) 5M->4M(12M) 2,055ms
[2024-01-01T14:23:59.836+0300][info][gc] GC(5) Pause Young (Normal) (G1 Evacuation Pause) 7M->4M(12M) 5,783ms
[2024-01-01T14:24:09.420+0300][info][gc] GC(6) Pause Young (Concurrent Start) (G1 Humongous Allocation) 6M->4M(12M) 5,978ms
[2024-01-01T14:24:09.420+0300][info][gc] GC(7) Concurrent Mark Cycle
[2024-01-01T14:24:09.429+0300][info][gc] GC(7) Pause Remark 5M->5M(12M) 2,090ms
[2024-01-01T14:24:09.432+0300][info][gc] GC(7) Pause Cleanup 5M->5M(12M) 0,061ms
[2024-01-01T14:24:09.432+0300][info][gc] GC(7) Concurrent Mark Cycle 11,742ms
[2024-01-01T14:24:36.882+0300][info][gc] GC(8) Pause Young (Prepare Mixed) (G1 Evacuation Pause) 9M->5M(12M) 1,693ms